// Jest Snapshot v1, https://goo.gl/fbAQLP

exports[`ProductCheckout.tsx Render Properly 1`] = `
Object {
  "asFragment": [Function],
  "baseElement": <body>
    <div>
      <div
        class="productCheckout"
      >
        <div>
          <img
            alt="product_img"
            class="productCheckoutImage"
            src="www.test.com"
          />
        </div>
        <div
          class="productCheckoutInfo"
        >
          <p
            class="productCheckoutInfoTitle"
          >
            The Test
          </p>
          <p
            class="productCheckoutInfoPrice"
          >
            <small>
              $
            </small>
            <strong>
              19.99
            </strong>
          </p>
          <div
            class="productCheckoutInfoRating"
          >
            <p>
              ⭐
            </p>
            <p>
              ⭐
            </p>
            <p>
              ⭐
            </p>
            <p>
              ⭐
            </p>
            <p>
              ⭐
            </p>
          </div>
          <div
            class="productCheckoutAction"
          >
            <button>
              ─
            </button>
            <p>
              1
            </p>
            <button>
              +
            </button>
          </div>
        </div>
      </div>
    </div>
  </body>,
  "container": <div>
    <div
      class="productCheckout"
    >
      <div>
        <img
          alt="product_img"
          class="productCheckoutImage"
          src="www.test.com"
        />
      </div>
      <div
        class="productCheckoutInfo"
      >
        <p
          class="productCheckoutInfoTitle"
        >
          The Test
        </p>
        <p
          class="productCheckoutInfoPrice"
        >
          <small>
            $
          </small>
          <strong>
            19.99
          </strong>
        </p>
        <div
          class="productCheckoutInfoRating"
        >
          <p>
            ⭐
          </p>
          <p>
            ⭐
          </p>
          <p>
            ⭐
          </p>
          <p>
            ⭐
          </p>
          <p>
            ⭐
          </p>
        </div>
        <div
          class="productCheckoutAction"
        >
          <button>
            ─
          </button>
          <p>
            1
          </p>
          <button>
            +
          </button>
        </div>
      </div>
    </div>
  </div>,
  "debug": [Function],
  "findAllByAltText": [Function],
  "findAllByDisplayValue": [Function],
  "findAllByLabelText": [Function],
  "findAllByPlaceholderText": [Function],
  "findAllByRole": [Function],
  "findAllByTestId": [Function],
  "findAllByText": [Function],
  "findAllByTitle": [Function],
  "findByAltText": [Function],
  "findByDisplayValue": [Function],
  "findByLabelText": [Function],
  "findByPlaceholderText": [Function],
  "findByRole": [Function],
  "findByTestId": [Function],
  "findByText": [Function],
  "findByTitle": [Function],
  "getAllByAltText": [Function],
  "getAllByDisplayValue": [Function],
  "getAllByLabelText": [Function],
  "getAllByPlaceholderText": [Function],
  "getAllByRole": [Function],
  "getAllByTestId": [Function],
  "getAllByText": [Function],
  "getAllByTitle": [Function],
  "getByAltText": [Function],
  "getByDisplayValue": [Function],
  "getByLabelText": [Function],
  "getByPlaceholderText": [Function],
  "getByRole": [Function],
  "getByTestId": [Function],
  "getByText": [Function],
  "getByTitle": [Function],
  "queryAllByAltText": [Function],
  "queryAllByDisplayValue": [Function],
  "queryAllByLabelText": [Function],
  "queryAllByPlaceholderText": [Function],
  "queryAllByRole": [Function],
  "queryAllByTestId": [Function],
  "queryAllByText": [Function],
  "queryAllByTitle": [Function],
  "queryByAltText": [Function],
  "queryByDisplayValue": [Function],
  "queryByLabelText": [Function],
  "queryByPlaceholderText": [Function],
  "queryByRole": [Function],
  "queryByTestId": [Function],
  "queryByText": [Function],
  "queryByTitle": [Function],
  "rerender": [Function],
  "unmount": [Function],
}
`;
