// Jest Snapshot v1, https://goo.gl/fbAQLP

exports[`Home.tsx Render Properly 1`] = `
Object {
  "asFragment": [Function],
  "baseElement": <body>
    <div>
      <div
        class="home"
      >
        <div
          class="homeContainer"
        >
          <img
            alt="amazon_banner"
            class="homeBanner"
            src="[object Object]"
          />
          <div
            class="homeRow"
          >
            <div
              class="product"
            >
              <div
                class="productInfo"
              >
                <p>
                  The Product Title Props
                </p>
                <p
                  class="productPrice"
                >
                  <small>
                    $
                  </small>
                  <strong>
                    19.99
                  </strong>
                </p>
                <div
                  class="productRating"
                >
                  <p>
                    ⭐
                  </p>
                  <p>
                    ⭐
                  </p>
                  <p>
                    ⭐
                  </p>
                  <p>
                    ⭐
                  </p>
                  <p>
                    ⭐
                  </p>
                </div>
              </div>
              <img
                alt="product_img"
                src="https://images-na.ssl-images-amazon.com/images/I/51Zymoq7UnL._AC_SY400_.jpg"
              />
              <button>
                Add to Basket
              </button>
            </div>
            <div
              class="product"
            >
              <div
                class="productInfo"
              >
                <p>
                  Apple Pencil (2nd Generation)
                </p>
                <p
                  class="productPrice"
                >
                  <small>
                    $
                  </small>
                  <strong>
                    29.99
                  </strong>
                </p>
                <div
                  class="productRating"
                >
                  <p>
                    ⭐
                  </p>
                  <p>
                    ⭐
                  </p>
                  <p>
                    ⭐
                  </p>
                  <p>
                    ⭐
                  </p>
                  <p>
                    ⭐
                  </p>
                </div>
              </div>
              <img
                alt="product_img"
                src="https://m.media-amazon.com/images/I/41S3MKU9TjL._AC_UL480_FMwebp_QL65_.jpg"
              />
              <button>
                Add to Basket
              </button>
            </div>
          </div>
          <div
            class="homeRow"
          >
            <div
              class="product"
            >
              <div
                class="productInfo"
              >
                <p>
                  SanDisk 128GB microSDXC Card, Licensed for Nintendo Switch - SDSQXAO-128G-GNCZN
                </p>
                <p
                  class="productPrice"
                >
                  <small>
                    $
                  </small>
                  <strong>
                    20.95
                  </strong>
                </p>
                <div
                  class="productRating"
                >
                  <p>
                    ⭐
                  </p>
                  <p>
                    ⭐
                  </p>
                  <p>
                    ⭐
                  </p>
                  <p>
                    ⭐
                  </p>
                </div>
              </div>
              <img
                alt="product_img"
                src="https://m.media-amazon.com/images/I/810o-i5jpiL._AC_UL480_FMwebp_QL65_.jpg"
              />
              <button>
                Add to Basket
              </button>
            </div>
            <div
              class="product"
            >
              <div
                class="productInfo"
              >
                <p>
                  Dell USB 3.0 Ultra HD/4K Triple Display Docking Station (D3100), Black
                </p>
                <p
                  class="productPrice"
                >
                  <small>
                    $
                  </small>
                  <strong>
                    128.98
                  </strong>
                </p>
                <div
                  class="productRating"
                >
                  <p>
                    ⭐
                  </p>
                  <p>
                    ⭐
                  </p>
                  <p>
                    ⭐
                  </p>
                </div>
              </div>
              <img
                alt="product_img"
                src="https://m.media-amazon.com/images/I/61qALmGqKGL._AC_UL480_FMwebp_QL65_.jpg"
              />
              <button>
                Add to Basket
              </button>
            </div>
            <div
              class="product"
            >
              <div
                class="productInfo"
              >
                <p>
                  Logitech C922x Pro Stream Webcam Full 1080p HD Camera
                </p>
                <p
                  class="productPrice"
                >
                  <small>
                    $
                  </small>
                  <strong>
                    94.99
                  </strong>
                </p>
                <div
                  class="productRating"
                >
                  <p>
                    ⭐
                  </p>
                  <p>
                    ⭐
                  </p>
                </div>
              </div>
              <img
                alt="product_img"
                src="https://m.media-amazon.com/images/I/712xpaJPT6L._AC_UL480_FMwebp_QL65_.jpg"
              />
              <button>
                Add to Basket
              </button>
            </div>
          </div>
          <div
            class="homeRow"
          >
            <div
              class="product"
            >
              <div
                class="productInfo"
              >
                <p>
                  AMD Ryzen 5 5600X 6-core, 12-Thread Unlocked Desktop Processor with Wraith Stealth Cooler
                </p>
                <p
                  class="productPrice"
                >
                  <small>
                    $
                  </small>
                  <strong>
                    244.78
                  </strong>
                </p>
                <div
                  class="productRating"
                >
                  <p>
                    ⭐
                  </p>
                  <p>
                    ⭐
                  </p>
                  <p>
                    ⭐
                  </p>
                  <p>
                    ⭐
                  </p>
                  <p>
                    ⭐
                  </p>
                </div>
              </div>
              <img
                alt="product_img"
                src="https://m.media-amazon.com/images/I/61vGQNUEsGL._AC_UL480_QL65_.jpg"
              />
              <button>
                Add to Basket
              </button>
            </div>
          </div>
        </div>
      </div>
    </div>
  </body>,
  "container": <div>
    <div
      class="home"
    >
      <div
        class="homeContainer"
      >
        <img
          alt="amazon_banner"
          class="homeBanner"
          src="[object Object]"
        />
        <div
          class="homeRow"
        >
          <div
            class="product"
          >
            <div
              class="productInfo"
            >
              <p>
                The Product Title Props
              </p>
              <p
                class="productPrice"
              >
                <small>
                  $
                </small>
                <strong>
                  19.99
                </strong>
              </p>
              <div
                class="productRating"
              >
                <p>
                  ⭐
                </p>
                <p>
                  ⭐
                </p>
                <p>
                  ⭐
                </p>
                <p>
                  ⭐
                </p>
                <p>
                  ⭐
                </p>
              </div>
            </div>
            <img
              alt="product_img"
              src="https://images-na.ssl-images-amazon.com/images/I/51Zymoq7UnL._AC_SY400_.jpg"
            />
            <button>
              Add to Basket
            </button>
          </div>
          <div
            class="product"
          >
            <div
              class="productInfo"
            >
              <p>
                Apple Pencil (2nd Generation)
              </p>
              <p
                class="productPrice"
              >
                <small>
                  $
                </small>
                <strong>
                  29.99
                </strong>
              </p>
              <div
                class="productRating"
              >
                <p>
                  ⭐
                </p>
                <p>
                  ⭐
                </p>
                <p>
                  ⭐
                </p>
                <p>
                  ⭐
                </p>
                <p>
                  ⭐
                </p>
              </div>
            </div>
            <img
              alt="product_img"
              src="https://m.media-amazon.com/images/I/41S3MKU9TjL._AC_UL480_FMwebp_QL65_.jpg"
            />
            <button>
              Add to Basket
            </button>
          </div>
        </div>
        <div
          class="homeRow"
        >
          <div
            class="product"
          >
            <div
              class="productInfo"
            >
              <p>
                SanDisk 128GB microSDXC Card, Licensed for Nintendo Switch - SDSQXAO-128G-GNCZN
              </p>
              <p
                class="productPrice"
              >
                <small>
                  $
                </small>
                <strong>
                  20.95
                </strong>
              </p>
              <div
                class="productRating"
              >
                <p>
                  ⭐
                </p>
                <p>
                  ⭐
                </p>
                <p>
                  ⭐
                </p>
                <p>
                  ⭐
                </p>
              </div>
            </div>
            <img
              alt="product_img"
              src="https://m.media-amazon.com/images/I/810o-i5jpiL._AC_UL480_FMwebp_QL65_.jpg"
            />
            <button>
              Add to Basket
            </button>
          </div>
          <div
            class="product"
          >
            <div
              class="productInfo"
            >
              <p>
                Dell USB 3.0 Ultra HD/4K Triple Display Docking Station (D3100), Black
              </p>
              <p
                class="productPrice"
              >
                <small>
                  $
                </small>
                <strong>
                  128.98
                </strong>
              </p>
              <div
                class="productRating"
              >
                <p>
                  ⭐
                </p>
                <p>
                  ⭐
                </p>
                <p>
                  ⭐
                </p>
              </div>
            </div>
            <img
              alt="product_img"
              src="https://m.media-amazon.com/images/I/61qALmGqKGL._AC_UL480_FMwebp_QL65_.jpg"
            />
            <button>
              Add to Basket
            </button>
          </div>
          <div
            class="product"
          >
            <div
              class="productInfo"
            >
              <p>
                Logitech C922x Pro Stream Webcam Full 1080p HD Camera
              </p>
              <p
                class="productPrice"
              >
                <small>
                  $
                </small>
                <strong>
                  94.99
                </strong>
              </p>
              <div
                class="productRating"
              >
                <p>
                  ⭐
                </p>
                <p>
                  ⭐
                </p>
              </div>
            </div>
            <img
              alt="product_img"
              src="https://m.media-amazon.com/images/I/712xpaJPT6L._AC_UL480_FMwebp_QL65_.jpg"
            />
            <button>
              Add to Basket
            </button>
          </div>
        </div>
        <div
          class="homeRow"
        >
          <div
            class="product"
          >
            <div
              class="productInfo"
            >
              <p>
                AMD Ryzen 5 5600X 6-core, 12-Thread Unlocked Desktop Processor with Wraith Stealth Cooler
              </p>
              <p
                class="productPrice"
              >
                <small>
                  $
                </small>
                <strong>
                  244.78
                </strong>
              </p>
              <div
                class="productRating"
              >
                <p>
                  ⭐
                </p>
                <p>
                  ⭐
                </p>
                <p>
                  ⭐
                </p>
                <p>
                  ⭐
                </p>
                <p>
                  ⭐
                </p>
              </div>
            </div>
            <img
              alt="product_img"
              src="https://m.media-amazon.com/images/I/61vGQNUEsGL._AC_UL480_QL65_.jpg"
            />
            <button>
              Add to Basket
            </button>
          </div>
        </div>
      </div>
    </div>
  </div>,
  "debug": [Function],
  "findAllByAltText": [Function],
  "findAllByDisplayValue": [Function],
  "findAllByLabelText": [Function],
  "findAllByPlaceholderText": [Function],
  "findAllByRole": [Function],
  "findAllByTestId": [Function],
  "findAllByText": [Function],
  "findAllByTitle": [Function],
  "findByAltText": [Function],
  "findByDisplayValue": [Function],
  "findByLabelText": [Function],
  "findByPlaceholderText": [Function],
  "findByRole": [Function],
  "findByTestId": [Function],
  "findByText": [Function],
  "findByTitle": [Function],
  "getAllByAltText": [Function],
  "getAllByDisplayValue": [Function],
  "getAllByLabelText": [Function],
  "getAllByPlaceholderText": [Function],
  "getAllByRole": [Function],
  "getAllByTestId": [Function],
  "getAllByText": [Function],
  "getAllByTitle": [Function],
  "getByAltText": [Function],
  "getByDisplayValue": [Function],
  "getByLabelText": [Function],
  "getByPlaceholderText": [Function],
  "getByRole": [Function],
  "getByTestId": [Function],
  "getByText": [Function],
  "getByTitle": [Function],
  "queryAllByAltText": [Function],
  "queryAllByDisplayValue": [Function],
  "queryAllByLabelText": [Function],
  "queryAllByPlaceholderText": [Function],
  "queryAllByRole": [Function],
  "queryAllByTestId": [Function],
  "queryAllByText": [Function],
  "queryAllByTitle": [Function],
  "queryByAltText": [Function],
  "queryByDisplayValue": [Function],
  "queryByLabelText": [Function],
  "queryByPlaceholderText": [Function],
  "queryByRole": [Function],
  "queryByTestId": [Function],
  "queryByText": [Function],
  "queryByTitle": [Function],
  "rerender": [Function],
  "unmount": [Function],
}
`;
